[INFO] Scanning for projects...
[INFO] 
[INFO] --------------------< de.ait:JavaProgLessonsPro59 >---------------------
[INFO] Building JavaProgLessonsPro59 0.0.1-SNAPSHOT
[INFO]   from pom.xml
[INFO] --------------------------------[ jar ]---------------------------------
[INFO] 
[INFO] --- dependency:3.8.1:properties (default) @ JavaProgLessonsPro59 ---
[INFO] 
[INFO] --- resources:3.3.1:resources (default-resources) @ JavaProgLessonsPro59 ---
[INFO] Copying 1 resource from src/main/resources to target/classes
[INFO] Copying 4 resources from src/main/resources to target/classes
[INFO] 
[INFO] --- compiler:3.14.1:compile (default-compile) @ JavaProgLessonsPro59 ---
[INFO] Nothing to compile - all classes are up to date.
[INFO] 
[INFO] --- resources:3.3.1:testResources (default-testResources) @ JavaProgLessonsPro59 ---
[INFO] skip non existing resourceDirectory /Users/dmitrinedioglo/Documents/JavaPro/JavaProgLessonsPro59/src/test/resources
[INFO] 
[INFO] --- compiler:3.14.1:testCompile (default-testCompile) @ JavaProgLessonsPro59 ---
[INFO] Nothing to compile - all classes are up to date.
[INFO] 
[INFO] --- surefire:3.5.4:test (default-test) @ JavaProgLessonsPro59 ---
[INFO] Using auto detected provider org.apache.maven.surefire.junitplatform.JUnitPlatformProvider
[INFO] 
[INFO] -------------------------------------------------------
[INFO]  T E S T S
[INFO] -------------------------------------------------------
[INFO] Running de.ait.JavaProgLessonsPro59ApplicationTests
09:41:20.088 [main] INFO org.springframework.test.context.support.AnnotationConfigContextLoaderUtils -- Could not detect default configuration classes for test class [de.ait.JavaProgLessonsPro59ApplicationTests]: JavaProgLessonsPro59ApplicationTests does not declare any static, non-private, non-final, nested classes annotated with @Configuration.
09:41:20.133 [main] INFO org.springframework.boot.test.context.SpringBootTestContextBootstrapper -- Found @SpringBootConfiguration de.ait.JavaProgLessonsPro59Application for test class de.ait.JavaProgLessonsPro59ApplicationTests

  .   ____          _            __ _ _
 /\\ / ___'_ __ _ _(_)_ __  __ _ \ \ \ \
( ( )\___ | '_ | '_| | '_ \/ _` | \ \ \ \
 \\/  ___)| |_)| | | | | || (_| |  ) ) ) )
  '  |____| .__|_| |_|_| |_\__, | / / / /
 =========|_|==============|___/=/_/_/_/

 :: Spring Boot ::                (v3.5.9)

2026-01-09 09:41:20 [main] INFO  d.a.JavaProgLessonsPro59ApplicationTests - Starting JavaProgLessonsPro59ApplicationTests using Java 24.0.1 with PID 7215 (started by dmitrinedioglo in /Users/dmitrinedioglo/Documents/JavaPro/JavaProgLessonsPro59)
2026-01-09 09:41:20 [main] DEBUG d.a.JavaProgLessonsPro59ApplicationTests - Running with Spring Boot v3.5.9, Spring v6.2.15
2026-01-09 09:41:20 [main] INFO  d.a.JavaProgLessonsPro59ApplicationTests - No active profile set, falling back to 1 default profile: "default"
2026-01-09 09:41:20 [main] INFO  o.s.d.r.c.RepositoryConfigurationDelegate - Bootstrapping Spring Data JPA repositories in DEFAULT mode.
2026-01-09 09:41:20 [main] INFO  o.s.d.r.c.RepositoryConfigurationDelegate - Finished Spring Data repository scanning in 4 ms. Found 0 JPA repository interfaces.
2026-01-09 09:41:20 [main] INFO  com.zaxxer.hikari.HikariDataSource - HikariPool-1 - Starting...
2026-01-09 09:41:20 [main] INFO  com.zaxxer.hikari.pool.HikariPool - HikariPool-1 - Added connection conn0: url=jdbc:h2:mem:bfeb92b0-4dbf-4bd7-895c-879256ba11b8 user=SA
2026-01-09 09:41:20 [main] INFO  com.zaxxer.hikari.HikariDataSource - HikariPool-1 - Start completed.
2026-01-09 09:41:20 [main] INFO  o.h.jpa.internal.util.LogHelper - HHH000204: Processing PersistenceUnitInfo [name: default]
2026-01-09 09:41:20 [main] INFO  org.hibernate.Version - HHH000412: Hibernate ORM core version 6.6.39.Final
2026-01-09 09:41:20 [main] INFO  o.h.c.i.RegionFactoryInitiator - HHH000026: Second-level cache disabled
2026-01-09 09:41:20 [main] INFO  o.s.o.j.p.SpringPersistenceUnitInfo - No LoadTimeWeaver setup: ignoring JPA class transformer
2026-01-09 09:41:20 [main] INFO  o.hibernate.orm.connections.pooling - HHH10001005: Database info:
	Database JDBC URL [Connecting through datasource 'HikariDataSource (HikariPool-1)']
	Database driver: undefined/unknown
	Database version: 2.3.232
	Autocommit mode: undefined/unknown
	Isolation level: undefined/unknown
	Minimum pool size: undefined/unknown
	Maximum pool size: undefined/unknown
2026-01-09 09:41:21 [main] INFO  o.h.e.t.j.p.i.JtaPlatformInitiator - HHH000489: No JTA platform available (set 'hibernate.transaction.jta.platform' to enable JTA platform integration)
2026-01-09 09:41:21 [main] INFO  o.s.o.j.LocalContainerEntityManagerFactoryBean - Initialized JPA EntityManagerFactory for persistence unit 'default'
2026-01-09 09:41:21 [main] WARN  o.s.b.a.o.j.JpaBaseConfiguration$JpaWebConfiguration - spring.jpa.open-in-view is enabled by default. Therefore, database queries may be performed during view rendering. Explicitly configure spring.jpa.open-in-view to disable this warning
2026-01-09 09:41:21 [main] INFO  d.a.JavaProgLessonsPro59ApplicationTests - Started JavaProgLessonsPro59ApplicationTests in 1.039 seconds (process running for 1.43)
OpenJDK 64-Bit Server VM warning: Sharing is only supported for boot loader classes because bootstrap classpath has been appended
[INFO] Tests run: 1, Failures: 0, Errors: 0, Skipped: 0, Time elapsed: 1.270 s -- in de.ait.JavaProgLessonsPro59ApplicationTests
[INFO] 
[INFO] Results:
[INFO] 
[INFO] Tests run: 1, Failures: 0, Errors: 0, Skipped: 0
[INFO] 
[INFO] ------------------------------------------------------------------------
[INFO] BUILD SUCCESS
[INFO] ------------------------------------------------------------------------
[INFO] Total time:  2.402 s
[INFO] Finished at: 2026-01-09T09:41:21+01:00
[INFO] ------------------------------------------------------------------------
